/home/zijiewu/Code/STGC-NeRF-private/Modi01/queues/8120_seed0_20260918_010810/source/audited/best_core/activation.py:8: FutureWarning: `torch.cuda.amp.custom_fwd(args...)` is deprecated. Please use `torch.amp.custom_fwd(args..., device_type='cuda')` instead.
  @custom_fwd(cast_inputs=torch.float32)  # cast to float32
/home/zijiewu/Code/STGC-NeRF-private/Modi01/queues/8120_seed0_20260918_010810/source/audited/best_core/activation.py:15: FutureWarning: `torch.cuda.amp.custom_bwd(args...)` is deprecated. Please use `torch.amp.custom_bwd(args..., device_type='cuda')` instead.
  def backward(ctx, g):
/home/zijiewu/Code/STGC-NeRF-private/Modi01/queues/8120_seed0_20260918_010810/source/audited/data/base_dataset.py:15: FutureWarning: `torch.cuda.amp.autocast(args...)` is deprecated. Please use `torch.amp.autocast('cuda', args...)` instead.
  @torch.cuda.amp.autocast(enabled=False)
Loaded compiled 3D CUDA chamfer distance
Using sequence 8120-8170
Using sequence 8120-8170
Loading train data:   0%|          | 0/47 [00:00<?, ?it/s]Loading train data: 100%|██████████| 47/47 [00:00<00:00, 1517.79it/s]
Using sequence 8120-8170
Using sequence 8120-8170
Loading val data:   0%|          | 0/4 [00:00<?, ?it/s]Loading val data: 100%|██████████| 4/4 [00:00<00:00, 1109.82it/s]
Preparing for Raydrop Refinemet ...
/home/zijiewu/Code/STGC-NeRF-private/Modi01/refinements/8120_standard_bce_20260918_1600/standard_runner.py:981: FutureWarning: `torch.cuda.amp.autocast(args...)` is deprecated. Please use `torch.amp.autocast('cuda', args...)` instead.
  with torch.cuda.amp.autocast(enabled=self.opt.fp16):
/home/zijiewu/Code/STGC-NeRF-private/Modi01/queues/8120_seed0_20260918_010810/source/audited/best_core/scene_field.py:688: FutureWarning: `torch.cuda.amp.autocast(args...)` is deprecated. Please use `torch.amp.autocast('cuda', args...)` instead.
  with torch.cuda.amp.autocast(enabled=False):
{"phase": "PREPARING_TRAIN_RENDERS", "frame": 1, "seconds": 3.9038593530422077}
1/47
{"phase": "PREPARING_TRAIN_RENDERS", "frame": 2, "seconds": 4.9755118190078065}
{"phase": "PREPARING_TRAIN_RENDERS", "frame": 3, "seconds": 5.076983309991192}
{"phase": "PREPARING_TRAIN_RENDERS", "frame": 4, "seconds": 5.078929315961432}
{"phase": "PREPARING_TRAIN_RENDERS", "frame": 5, "seconds": 5.08158750704024}
{"phase": "PREPARING_TRAIN_RENDERS", "frame": 6, "seconds": 5.087111869012006}
{"phase": "PREPARING_TRAIN_RENDERS", "frame": 7, "seconds": 5.0924179190187715}
{"phase": "PREPARING_TRAIN_RENDERS", "frame": 8, "seconds": 5.09308553498704}
{"phase": "PREPARING_TRAIN_RENDERS", "frame": 9, "seconds": 5.093650611990597}
{"phase": "PREPARING_TRAIN_RENDERS", "frame": 10, "seconds": 5.095464635989629}
{"phase": "PREPARING_TRAIN_RENDERS", "frame": 11, "seconds": 5.097149772976991}
11/47
{"phase": "PREPARING_TRAIN_RENDERS", "frame": 12, "seconds": 5.092412979982328}
{"phase": "PREPARING_TRAIN_RENDERS", "frame": 13, "seconds": 5.09262025199132}
{"phase": "PREPARING_TRAIN_RENDERS", "frame": 14, "seconds": 5.0912878239760175}
{"phase": "PREPARING_TRAIN_RENDERS", "frame": 15, "seconds": 5.091828016971704}
{"phase": "PREPARING_TRAIN_RENDERS", "frame": 16, "seconds": 5.08879581396468}
{"phase": "PREPARING_TRAIN_RENDERS", "frame": 17, "seconds": 5.089824791997671}
{"phase": "PREPARING_TRAIN_RENDERS", "frame": 18, "seconds": 5.090628497011494}
{"phase": "PREPARING_TRAIN_RENDERS", "frame": 19, "seconds": 5.087835765967611}
{"phase": "PREPARING_TRAIN_RENDERS", "frame": 20, "seconds": 5.088442694977857}
{"phase": "PREPARING_TRAIN_RENDERS", "frame": 21, "seconds": 5.087715747009497}
21/47
{"phase": "PREPARING_TRAIN_RENDERS", "frame": 22, "seconds": 5.091059772006702}
{"phase": "PREPARING_TRAIN_RENDERS", "frame": 23, "seconds": 5.087132824992295}
{"phase": "PREPARING_TRAIN_RENDERS", "frame": 24, "seconds": 5.086073849000968}
{"phase": "PREPARING_TRAIN_RENDERS", "frame": 25, "seconds": 5.0875288369716145}
{"phase": "PREPARING_TRAIN_RENDERS", "frame": 26, "seconds": 5.08981308498187}
{"phase": "PREPARING_TRAIN_RENDERS", "frame": 27, "seconds": 5.089484279975295}
{"phase": "PREPARING_TRAIN_RENDERS", "frame": 28, "seconds": 5.09458450996317}
{"phase": "PREPARING_TRAIN_RENDERS", "frame": 29, "seconds": 5.0858987589599565}
{"phase": "PREPARING_TRAIN_RENDERS", "frame": 30, "seconds": 5.084486706997268}
{"phase": "PREPARING_TRAIN_RENDERS", "frame": 31, "seconds": 5.085326874977909}
31/47
{"phase": "PREPARING_TRAIN_RENDERS", "frame": 32, "seconds": 5.086224346014205}
{"phase": "PREPARING_TRAIN_RENDERS", "frame": 33, "seconds": 5.088965572009329}
{"phase": "PREPARING_TRAIN_RENDERS", "frame": 34, "seconds": 5.08710153598804}
{"phase": "PREPARING_TRAIN_RENDERS", "frame": 35, "seconds": 5.086937577987555}
{"phase": "PREPARING_TRAIN_RENDERS", "frame": 36, "seconds": 5.0881131770438515}
{"phase": "PREPARING_TRAIN_RENDERS", "frame": 37, "seconds": 5.085964946018066}
{"phase": "PREPARING_TRAIN_RENDERS", "frame": 38, "seconds": 5.085275633027777}
{"phase": "PREPARING_TRAIN_RENDERS", "frame": 39, "seconds": 5.082164419000037}
{"phase": "PREPARING_TRAIN_RENDERS", "frame": 40, "seconds": 5.0810659769922495}
{"phase": "PREPARING_TRAIN_RENDERS", "frame": 41, "seconds": 5.085224069014657}
41/47
{"phase": "PREPARING_TRAIN_RENDERS", "frame": 42, "seconds": 5.080843305971939}
{"phase": "PREPARING_TRAIN_RENDERS", "frame": 43, "seconds": 5.080874497012701}
{"phase": "PREPARING_TRAIN_RENDERS", "frame": 44, "seconds": 5.082322706992272}
{"phase": "PREPARING_TRAIN_RENDERS", "frame": 45, "seconds": 5.078083422966301}
{"phase": "PREPARING_TRAIN_RENDERS", "frame": 46, "seconds": 4.9807728250161745}
{"phase": "PREPARING_TRAIN_RENDERS", "frame": 47, "seconds": 3.6696242949692532}
Start UNet Optimization ...
[2026-09-18 16:11:11] iter:0, lr:0.000040, raydrop loss:0.6704261302947998
[2026-09-18 16:11:20] iter:50, lr:0.000105, raydrop loss:0.36830487847328186
[2026-09-18 16:11:28] iter:100, lr:0.000281, raydrop loss:0.3070268929004669
[2026-09-18 16:11:36] iter:150, lr:0.000523, raydrop loss:0.2529791295528412
[2026-09-18 16:11:45] iter:200, lr:0.000763, raydrop loss:0.19607096910476685
[2026-09-18 16:11:53] iter:250, lr:0.000938, raydrop loss:0.16198387742042542
[2026-09-18 16:12:01] iter:300, lr:0.001000, raydrop loss:0.1163104698061943
[2026-09-18 16:12:10] iter:350, lr:0.000987, raydrop loss:0.09710758179426193
[2026-09-18 16:12:18] iter:400, lr:0.000950, raydrop loss:0.0859348252415657
[2026-09-18 16:12:26] iter:450, lr:0.000890, raydrop loss:0.07406668365001678
[2026-09-18 16:12:35] iter:500, lr:0.000810, raydrop loss:0.0701059028506279
[2026-09-18 16:12:43] iter:550, lr:0.000715, raydrop loss:0.05988975241780281
[2026-09-18 16:12:51] iter:600, lr:0.000609, raydrop loss:0.057422131299972534
[2026-09-18 16:13:00] iter:650, lr:0.000498, raydrop loss:0.05220545455813408
[2026-09-18 16:13:08] iter:700, lr:0.000387, raydrop loss:0.049948424100875854
[2026-09-18 16:13:16] iter:750, lr:0.000281, raydrop loss:0.04854261130094528
[2026-09-18 16:13:25] iter:800, lr:0.000187, raydrop loss:0.04625190421938896
[2026-09-18 16:13:33] iter:850, lr:0.000108, raydrop loss:0.04478433355689049
[2026-09-18 16:13:41] iter:900, lr:0.000049, raydrop loss:0.04384872689843178
[2026-09-18 16:13:50] iter:950, lr:0.000012, raydrop loss:0.04267122969031334
Setting up [LPIPS] perceptual loss: trunk [alex], v[0.1], spatial [off]
/home/zijiewu/Code/STGC-NeRF-private/.venv/lib/python3.9/site-packages/torchvision/models/_utils.py:208: UserWarning: The parameter 'pretrained' is deprecated since 0.13 and may be removed in the future, please use 'weights' instead.
  warnings.warn(
/home/zijiewu/Code/STGC-NeRF-private/.venv/lib/python3.9/site-packages/torchvision/models/_utils.py:223: UserWarning: Arguments other than a weight enum or `None` for 'weights' are deprecated since 0.13 and may be removed in the future. The current behavior is equivalent to passing `weights=AlexNet_Weights.IMAGENET1K_V1`. You can also use `weights=AlexNet_Weights.DEFAULT` to get the most up-to-date weights.
  warnings.warn(msg)
Loading model from: /home/zijiewu/Code/STGC-NeRF-private/.venv/lib/python3.9/site-packages/lpips/weights/v0.1/alex.pth
Setting up [LPIPS] perceptual loss: trunk [alex], v[0.1], spatial [off]
Loading model from: /home/zijiewu/Code/STGC-NeRF-private/.venv/lib/python3.9/site-packages/lpips/weights/v0.1/alex.pth
/home/zijiewu/Code/STGC-NeRF-private/Modi01/refinements/8120_standard_bce_20260918_1600/refine_source.py:221: FutureWarning: `torch.cuda.amp.autocast(args...)` is deprecated. Please use `torch.amp.autocast('cuda', args...)` instead.
  with torch.no_grad(), torch.cuda.amp.autocast(enabled=opt.fp16):
{"phase": "EVALUATING", "split": "development", "frame": 1, "total": 4, "cd": 0.06889660656452179}
{"phase": "EVALUATING", "split": "development", "frame": 2, "total": 4, "cd": 0.051611460745334625}
{"phase": "EVALUATING", "split": "development", "frame": 3, "total": 4, "cd": 0.07975643128156662}
{"phase": "EVALUATING", "split": "development", "frame": 4, "total": 4, "cd": 0.06518147885799408}
{"phase": "EVALUATING", "split": "train", "frame": 1, "total": 47, "cd": 0.09859147667884827}
{"phase": "EVALUATING", "split": "train", "frame": 2, "total": 47, "cd": 0.08086953312158585}
{"phase": "EVALUATING", "split": "train", "frame": 3, "total": 47, "cd": 0.0528872050344944}
{"phase": "EVALUATING", "split": "train", "frame": 4, "total": 47, "cd": 0.06830139458179474}
{"phase": "EVALUATING", "split": "train", "frame": 5, "total": 47, "cd": 0.05656256899237633}
{"phase": "EVALUATING", "split": "train", "frame": 6, "total": 47, "cd": 0.06732180714607239}
{"phase": "EVALUATING", "split": "train", "frame": 7, "total": 47, "cd": 0.05288703739643097}
{"phase": "EVALUATING", "split": "train", "frame": 8, "total": 47, "cd": 0.06759070605039597}
{"phase": "EVALUATING", "split": "train", "frame": 9, "total": 47, "cd": 0.08717027306556702}
{"phase": "EVALUATING", "split": "train", "frame": 10, "total": 47, "cd": 0.0511951670050621}
{"phase": "EVALUATING", "split": "train", "frame": 11, "total": 47, "cd": 0.052764326333999634}
{"phase": "EVALUATING", "split": "train", "frame": 12, "total": 47, "cd": 0.0567438118159771}
{"phase": "EVALUATING", "split": "train", "frame": 13, "total": 47, "cd": 0.04485873132944107}
{"phase": "EVALUATING", "split": "train", "frame": 14, "total": 47, "cd": 0.05008284002542496}
{"phase": "EVALUATING", "split": "train", "frame": 15, "total": 47, "cd": 0.0569683313369751}
{"phase": "EVALUATING", "split": "train", "frame": 16, "total": 47, "cd": 0.0453915074467659}
{"phase": "EVALUATING", "split": "train", "frame": 17, "total": 47, "cd": 0.042034707963466644}
{"phase": "EVALUATING", "split": "train", "frame": 18, "total": 47, "cd": 0.0449923574924469}
{"phase": "EVALUATING", "split": "train", "frame": 19, "total": 47, "cd": 0.04228309541940689}
{"phase": "EVALUATING", "split": "train", "frame": 20, "total": 47, "cd": 0.036141932010650635}
{"phase": "EVALUATING", "split": "train", "frame": 21, "total": 47, "cd": 0.04813423007726669}
{"phase": "EVALUATING", "split": "train", "frame": 22, "total": 47, "cd": 0.043190665543079376}
{"phase": "EVALUATING", "split": "train", "frame": 23, "total": 47, "cd": 0.04237167537212372}
{"phase": "EVALUATING", "split": "train", "frame": 24, "total": 47, "cd": 0.05584123730659485}
{"phase": "EVALUATING", "split": "train", "frame": 25, "total": 47, "cd": 0.049364104866981506}
{"phase": "EVALUATING", "split": "train", "frame": 26, "total": 47, "cd": 0.05618195980787277}
{"phase": "EVALUATING", "split": "train", "frame": 27, "total": 47, "cd": 0.0702502578496933}
{"phase": "EVALUATING", "split": "train", "frame": 28, "total": 47, "cd": 0.07149896025657654}
{"phase": "EVALUATING", "split": "train", "frame": 29, "total": 47, "cd": 0.03509840369224548}
{"phase": "EVALUATING", "split": "train", "frame": 30, "total": 47, "cd": 0.04167046770453453}
{"phase": "EVALUATING", "split": "train", "frame": 31, "total": 47, "cd": 0.03488689288496971}
{"phase": "EVALUATING", "split": "train", "frame": 32, "total": 47, "cd": 0.03891053795814514}
{"phase": "EVALUATING", "split": "train", "frame": 33, "total": 47, "cd": 0.04151934012770653}
{"phase": "EVALUATING", "split": "train", "frame": 34, "total": 47, "cd": 0.039346083998680115}
{"phase": "EVALUATING", "split": "train", "frame": 35, "total": 47, "cd": 0.051420554518699646}
{"phase": "EVALUATING", "split": "train", "frame": 36, "total": 47, "cd": 0.04662228748202324}
{"phase": "EVALUATING", "split": "train", "frame": 37, "total": 47, "cd": 0.048943519592285156}
{"phase": "EVALUATING", "split": "train", "frame": 38, "total": 47, "cd": 0.04131525382399559}
{"phase": "EVALUATING", "split": "train", "frame": 39, "total": 47, "cd": 0.03544048219919205}
{"phase": "EVALUATING", "split": "train", "frame": 40, "total": 47, "cd": 0.06106674671173096}
{"phase": "EVALUATING", "split": "train", "frame": 41, "total": 47, "cd": 0.055738456547260284}
{"phase": "EVALUATING", "split": "train", "frame": 42, "total": 47, "cd": 0.04902984946966171}
{"phase": "EVALUATING", "split": "train", "frame": 43, "total": 47, "cd": 0.0519937127828598}
{"phase": "EVALUATING", "split": "train", "frame": 44, "total": 47, "cd": 0.04668401554226875}
{"phase": "EVALUATING", "split": "train", "frame": 45, "total": 47, "cd": 0.0378565788269043}
{"phase": "EVALUATING", "split": "train", "frame": 46, "total": 47, "cd": 0.03603925555944443}
{"phase": "EVALUATING", "split": "train", "frame": 47, "total": 47, "cd": 0.034304894506931305}
