{
  "fit": {
    "T0": {
      "updates": 300,
      "isolation": {
        "old_parameters_buffers_unchanged": true,
        "all_fixed_teacher_arrays_unchanged": true,
        "original_refiner_input_and_probability_unchanged": true,
        "no_val_test_or_geometry_rerender": true
      },
      "final": {
        "fit": {
          "ray_count": 2048,
          "gt_valid_count": 1835,
          "gt_valid_sse": 10.697990417480469,
          "gt_valid_rmse": 0.07635422796010971,
          "original_loss_total": 1.0697990655899048,
          "original_loss_per_ray": 0.0005223628249950707,
          "final_masked_rmse": 0.0834391713142395,
          "delta_J": {
            "count": 2048,
            "p50": 0.021545782685279846,
            "p95": 0.08246536478400229,
            "max": 0.22143182158470154,
            "nonzero_fraction": 1.0,
            "signed_mean": 0.001022338978421189,
            "l2": 1.814131379133835
          },
          "own_zero_gt_valid_rmse": 0.08945632725954056,
          "tp_count": 1816,
          "tp_sse": 10.425216674804688,
          "loss_tp": 1.0425217151641846,
          "tp_rmse": 0.07576779276132584,
          "fp_count": 24,
          "fp_sse": 2.1214239597320557,
          "loss_fp": 0.0,
          "fp_rmse": 0.2973090410232544,
          "fn_count": 19,
          "fn_sse": 1.71173095703125,
          "loss_fn": 0.02727738581597805,
          "fn_rmse": 0.3001517951488495,
          "tn_count": 189,
          "tn_sse": 0.0,
          "loss_tn": 0.0,
          "tn_rmse": 0.0
        },
        "probe": {
          "ray_count": 2048,
          "gt_valid_count": 1185,
          "gt_valid_sse": 7.766530513763428,
          "gt_valid_rmse": 0.08095698803663254,
          "original_loss_total": 0.7766530513763428,
          "original_loss_per_ray": 0.00037922512274235487,
          "final_masked_rmse": 0.06216872110962868,
          "delta_J": {
            "count": 2048,
            "p50": 0.012501582503318787,
            "p95": 0.061392672359943376,
            "max": 0.12971198558807373,
            "nonzero_fraction": 1.0,
            "signed_mean": 0.004935328213591106,
            "l2": 1.2852871985433512
          },
          "own_zero_gt_valid_rmse": 0.06850104033946991,
          "tp_count": 1175,
          "tp_sse": 7.493038654327393,
          "loss_tp": 0.7493038773536682,
          "tp_rmse": 0.07985645532608032,
          "fp_count": 3,
          "fp_sse": 0.1063692718744278,
          "loss_fp": 0.0,
          "fp_rmse": 0.188298761844635,
          "fn_count": 10,
          "fn_sse": 0.316009521484375,
          "loss_fn": 0.027349213138222694,
          "fn_rmse": 0.1777665615081787,
          "tn_count": 860,
          "tn_sse": 0.0,
          "loss_tn": 0.0,
          "tn_rmse": 0.0
        }
      },
      "parameter_view": "raw, no EMA",
      "elapsed_seconds": 2.3687509469964425
    },
    "T1": {
      "updates": 300,
      "isolation": {
        "old_parameters_buffers_unchanged": true,
        "all_fixed_teacher_arrays_unchanged": true,
        "original_refiner_input_and_probability_unchanged": true,
        "no_val_test_or_geometry_rerender": true
      },
      "final": {
        "fit": {
          "ray_count": 2048,
          "gt_valid_count": 1835,
          "gt_valid_sse": 10.673532485961914,
          "gt_valid_rmse": 0.07626689225435257,
          "original_loss_total": 1.0673532485961914,
          "original_loss_per_ray": 0.0005211685784161091,
          "final_masked_rmse": 0.08338243514299393,
          "delta_J": {
            "count": 2048,
            "p50": 0.021898753941059113,
            "p95": 0.08233280479907984,
            "max": 0.22338494658470154,
            "nonzero_fraction": 1.0,
            "signed_mean": 0.0008767139025476212,
            "l2": 1.8248479158711526
          },
          "own_zero_gt_valid_rmse": 0.08945632725954056,
          "tp_count": 1816,
          "tp_sse": 10.397882461547852,
          "loss_tp": 1.0397882461547852,
          "tp_rmse": 0.07566839456558228,
          "fp_count": 24,
          "fp_sse": 2.1293749809265137,
          "loss_fp": 0.0,
          "fp_rmse": 0.2978656589984894,
          "fn_count": 19,
          "fn_sse": 1.71173095703125,
          "loss_fn": 0.027564991265535355,
          "fn_rmse": 0.3001517951488495,
          "tn_count": 189,
          "tn_sse": 0.0,
          "loss_tn": 0.0,
          "tn_rmse": 0.0
        },
        "probe": {
          "ray_count": 2048,
          "gt_valid_count": 1185,
          "gt_valid_sse": 7.607420444488525,
          "gt_valid_rmse": 0.0801234319806099,
          "original_loss_total": 0.7607420682907104,
          "original_loss_per_ray": 0.00037145608803257346,
          "final_masked_rmse": 0.06153964623808861,
          "delta_J": {
            "count": 2048,
            "p50": 0.011855453252792358,
            "p95": 0.06002396047115324,
            "max": 0.12779951095581055,
            "nonzero_fraction": 1.0,
            "signed_mean": 0.003075688079235306,
            "l2": 1.2535862111139096
          },
          "own_zero_gt_valid_rmse": 0.06850104033946991,
          "tp_count": 1175,
          "tp_sse": 7.3320136070251465,
          "loss_tp": 0.7332013845443726,
          "tp_rmse": 0.07899374514818192,
          "fp_count": 3,
          "fp_sse": 0.1080157533288002,
          "loss_fp": 0.0,
          "fp_rmse": 0.18975049257278442,
          "fn_count": 10,
          "fn_sse": 0.316009521484375,
          "loss_fn": 0.02754063718020916,
          "fn_rmse": 0.1777665615081787,
          "tn_count": 860,
          "tn_sse": 0.0,
          "loss_tn": 0.0,
          "tn_rmse": 0.0
        }
      },
      "parameter_view": "raw, no EMA",
      "elapsed_seconds": 28.460787875999813
    }
  },
  "reach": {
    "gt_valid_count": 201006,
    "outside_count": 1,
    "outside_fraction": 4.974975871367024e-06,
    "unreachable_sse": 0.01227915589380757,
    "optimistic_projected_gt_valid_rmse": 0.00024716088746492,
    "original_gt_valid_sse": 1172.342142842625,
    "unreachable_fraction_of_original_sse": 1.0474037778795368e-05
  }
}
