/home/zijiewu/Code/STGC-NeRF-private/reports/logs/intensity_fit_diagnosis_20260916/source/best_core/activation.py:8: FutureWarning: `torch.cuda.amp.custom_fwd(args...)` is deprecated. Please use `torch.amp.custom_fwd(args..., device_type='cuda')` instead.
  @custom_fwd(cast_inputs=torch.float32)  # cast to float32
/home/zijiewu/Code/STGC-NeRF-private/reports/logs/intensity_fit_diagnosis_20260916/source/best_core/activation.py:15: FutureWarning: `torch.cuda.amp.custom_bwd(args...)` is deprecated. Please use `torch.amp.custom_bwd(args..., device_type='cuda')` instead.
  def backward(ctx, g):
{
  "status": "READY_NOT_RUN",
  "source": "/home/zijiewu/Code/STGC-NeRF-private/reports/logs/intensity_fit_diagnosis_20260916/source",
  "model": "Modi01.model.STGCNeRFModi01",
  "configuration": {
    "config": "configs/kitti360_8120.txt",
    "workspace": "/home/zijiewu/Code/STGC-NeRF-private/Modi01/reports/preflight_8120",
    "refine": false,
    "test": false,
    "test_eval": false,
    "seed": 0,
    "field_backend": "best",
    "init_best": "",
    "split_protocol": "legacy",
    "final_eval_split": "val",
    "max_train_steps": 0,
    "skip_refine": true,
    "skip_final_eval": true,
    "refine_steps": 1000,
    "refine_lr": 0.001,
    "refine_init_seed": 0,
    "refine_loss_preset": "bce_expected_masked_depth_support_v1",
    "intensity_feature_mode": "none",
    "alpha_intensity_gradient": 0.0,
    "alpha_spline_knots": 0.001,
    "alpha_high_order_regularization": 1.0,
    "amp_init_scale": 1.0,
    "dataloader": "kitti360",
    "path": "data/kitti360",
    "sequence_id": "8120",
    "preload": true,
    "bound": 1,
    "scale": 0.012104464583718045,
    "offset": [
      1296.6353306172646,
      3445.4096726703983,
      111.83192644389416
    ],
    "near_lidar": 1.0,
    "far_lidar": 81.0,
    "fov_lidar": [
      2.0,
      26.9
    ],
    "num_frames": 51,
    "min_resolution": 32,
    "base_resolution": 512,
    "max_resolution": 32768,
    "time_resolution": 8,
    "n_levels_plane": 4,
    "n_features_per_level_plane": 8,
    "n_levels_hash": 8,
    "n_features_per_level_hash": 4,
    "log2_hashmap_size": 19,
    "num_layers_flow": 3,
    "hidden_dim_flow": 64,
    "num_layers_sigma": 2,
    "hidden_dim_sigma": 64,
    "geo_feat_dim": 15,
    "num_layers_lidar": 3,
    "hidden_dim_lidar": 64,
    "out_lidar_dim": 2,
    "depth_loss": "l1",
    "depth_grad_loss": "l1",
    "intensity_loss": "mse",
    "raydrop_loss": "mse",
    "flow_loss": true,
    "grad_loss": true,
    "alpha_d": 1,
    "alpha_i": 0.1,
    "alpha_r": 0.01,
    "alpha_grad": 0.1,
    "alpha_grad_norm": 0.1,
    "alpha_spatial": 0.1,
    "alpha_tv": 0.1,
    "grad_norm_smooth": false,
    "spatial_smooth": false,
    "tv_loss": false,
    "sobel_grad": false,
    "urf_loss": false,
    "active_sensor": false,
    "density_scale": 1,
    "intensity_scale": 1,
    "raydrop_ratio": 0.5,
    "smooth_factor": 0.2,
    "iters": 30000,
    "lr": 0.01,
    "fp16": true,
    "eval_interval": 100,
    "ckpt": "scratch",
    "num_rays_lidar": 1024,
    "num_steps": 768,
    "patch_size_lidar": 1,
    "change_patch_size_lidar": [
      2,
      8
    ],
    "change_patch_size_epoch": 2,
    "ema_decay": 0.95,
    "feat_g_loss": true,
    "feat_d_loss": true,
    "feat_g_scale": 0.1,
    "feat_d_scale": 1,
    "knn_pt": 12,
    "flow_consis_loss": true,
    "consis_flow_loss": true,
    "flow_consis_scale": 0.1,
    "consis_flow_scale": 1,
    "feature_channels": 128,
    "backbone": "DGCNN",
    "ffn_dim_expansion": 4,
    "num_transformer_pt_layers": 1,
    "num_transformer_layers": 10,
    "resume": "/home/zijiewu/Code/basis4D-intensity-mtl-diagnosis/flow/checkpoints/FTD_o.pth",
    "strict_resume": false,
    "representation": "/home/zijiewu/Code/STGC-NeRF-private/Modi01/configs/hybrid44.json",
    "prepare_only": true
  },
  "representation": {
    "modal_levels": 4,
    "coefficients": "tied",
    "latent_dim": 4,
    "decoder_width": 32,
    "embedding_dim": 4,
    "spatial_frequencies": 2
  },
  "assets": {
    "source_manifest": "/home/zijiewu/Code/STGC-NeRF-private/data/experiment_manifest.json",
    "protocol": "legacy",
    "splits": {
      "train": {
        "manifest": "/home/zijiewu/Code/STGC-NeRF-private/data/kitti360/transforms_8120_train.json",
        "frame_ids": [
          8120,
          8121,
          8122,
          8123,
          8124,
          8125,
          8126,
          8127,
          8128,
          8129,
          8131,
          8132,
          8133,
          8134,
          8135,
          8136,
          8137,
          8138,
          8139,
          8141,
          8142,
          8143,
          8144,
          8145,
          8146,
          8147,
          8148,
          8149,
          8151,
          8152,
          8153,
          8154,
          8155,
          8156,
          8157,
          8158,
          8159,
          8161,
          8162,
          8163,
          8164,
          8165,
          8166,
          8167,
          8168,
          8169,
          8170
        ],
        "count": 47,
        "normalized_times": [
          0.0,
          0.02,
          0.04,
          0.06,
          0.08,
          0.1,
          0.12,
          0.14,
          0.16,
          0.18,
          0.22,
          0.24,
          0.26,
          0.28,
          0.3,
          0.32,
          0.34,
          0.36,
          0.38,
          0.42,
          0.44,
          0.46,
          0.48,
          0.5,
          0.52,
          0.54,
          0.56,
          0.58,
          0.62,
          0.64,
          0.66,
          0.68,
          0.7,
          0.72,
          0.74,
          0.76,
          0.78,
          0.82,
          0.84,
          0.86,
          0.88,
          0.9,
          0.92,
          0.94,
          0.96,
          0.98,
          1.0
        ],
        "range_view_shapes": [
          [
            66,
            1030,
            3
          ]
        ]
      },
      "val": {
        "manifest": "/home/zijiewu/Code/STGC-NeRF-private/data/kitti360/transforms_8120_val.json",
        "frame_ids": [
          8130,
          8140,
          8150,
          8160
        ],
        "count": 4,
        "normalized_times": [
          0.2,
          0.4,
          0.6,
          0.8
        ],
        "range_view_shapes": [
          [
            66,
            1030,
            3
          ]
        ]
      },
      "test": {
        "manifest": "/home/zijiewu/Code/STGC-NeRF-private/data/kitti360/transforms_8120_test.json",
        "frame_ids": [
          8130,
          8140,
          8150,
          8160
        ],
        "count": 4,
        "normalized_times": [
          0.2,
          0.4,
          0.6,
          0.8
        ],
        "range_view_shapes": [
          [
            66,
            1030,
            3
          ]
        ]
      }
    },
    "scale": 0.012104464583718045,
    "offset": [
      1296.6353306172646,
      3445.4096726703983,
      111.83192644389416
    ],
    "fov_lidar": [
      2.0,
      26.9
    ],
    "missing_assets": [],
    "protocol_scope": "local official-protocol manifest and loader agreement; no file digests computed",
    "evaluation_scope": "post-hoc development; legacy val/test overlap, no untouched evaluation claim"
  },
  "training_steps_executed": 0,
  "fixed_seed": 0,
  "requested_training_budget": 30000,
  "evaluation_conventions": {
    "training": "raw",
    "development": "EMA when enabled",
    "refiner": "disabled by default; run separately with explicit pre/post labels"
  },
  "required_metrics": [
    "CD",
    "F-score",
    "depth RMSE",
    "intensity RMSE",
    "return metrics"
  ],
  "required_strata": [
    "train/development",
    "moving/static/edge/range when labels are reliable"
  ],
  "sampling": "inherited STGC sampler and patch schedule; shared initialization preserves RNG state",
  "no_automatic_queue": true,
  "no_promotion": true
}
