/home/zijiewu/Code/STGC-NeRF-private/reports/logs/intensity_fit_diagnosis_20260916/source/best_core/activation.py:8: FutureWarning: `torch.cuda.amp.custom_fwd(args...)` is deprecated. Please use `torch.amp.custom_fwd(args..., device_type='cuda')` instead.
  @custom_fwd(cast_inputs=torch.float32)  # cast to float32
/home/zijiewu/Code/STGC-NeRF-private/reports/logs/intensity_fit_diagnosis_20260916/source/best_core/activation.py:15: FutureWarning: `torch.cuda.amp.custom_bwd(args...)` is deprecated. Please use `torch.amp.custom_bwd(args..., device_type='cuda')` instead.
  def backward(ctx, g):
{
  "status": "READY_NOT_RUN",
  "source": "/home/zijiewu/Code/STGC-NeRF-private/reports/logs/intensity_fit_diagnosis_20260916/source",
  "model": "Modi01.model.STGCNeRFModi01",
  "configuration": {
    "config": "configs/kitti360_3353.txt",
    "workspace": "/home/zijiewu/Code/STGC-NeRF-private/Modi01/reports/preflight_3353",
    "refine": false,
    "test": false,
    "test_eval": false,
    "seed": 0,
    "field_backend": "best",
    "init_best": "",
    "split_protocol": "legacy",
    "final_eval_split": "val",
    "max_train_steps": 0,
    "skip_refine": true,
    "skip_final_eval": true,
    "refine_steps": 1000,
    "refine_lr": 0.001,
    "refine_init_seed": 0,
    "refine_loss_preset": "bce_expected_masked_depth_support_v1",
    "intensity_feature_mode": "none",
    "alpha_intensity_gradient": 0.0,
    "alpha_spline_knots": 0.001,
    "alpha_high_order_regularization": 1.0,
    "amp_init_scale": 1.0,
    "dataloader": "kitti360",
    "path": "data/kitti360",
    "sequence_id": "3353",
    "preload": true,
    "bound": 1,
    "scale": 0.009516400940284872,
    "offset": [
      1364.4036110525735,
      3818.0544294453593,
      108.71465218991422
    ],
    "near_lidar": 1.0,
    "far_lidar": 81.0,
    "fov_lidar": [
      2.0,
      26.9
    ],
    "num_frames": 64,
    "min_resolution": 32,
    "base_resolution": 512,
    "max_resolution": 32768,
    "time_resolution": 8,
    "n_levels_plane": 4,
    "n_features_per_level_plane": 8,
    "n_levels_hash": 8,
    "n_features_per_level_hash": 4,
    "log2_hashmap_size": 19,
    "num_layers_flow": 3,
    "hidden_dim_flow": 64,
    "num_layers_sigma": 2,
    "hidden_dim_sigma": 64,
    "geo_feat_dim": 15,
    "num_layers_lidar": 3,
    "hidden_dim_lidar": 64,
    "out_lidar_dim": 2,
    "depth_loss": "l1",
    "depth_grad_loss": "l1",
    "intensity_loss": "mse",
    "raydrop_loss": "mse",
    "flow_loss": true,
    "grad_loss": true,
    "alpha_d": 1,
    "alpha_i": 0.1,
    "alpha_r": 0.01,
    "alpha_grad": 0.1,
    "alpha_grad_norm": 0.1,
    "alpha_spatial": 0.1,
    "alpha_tv": 0.1,
    "grad_norm_smooth": false,
    "spatial_smooth": false,
    "tv_loss": false,
    "sobel_grad": false,
    "urf_loss": false,
    "active_sensor": false,
    "density_scale": 1,
    "intensity_scale": 1,
    "raydrop_ratio": 0.5,
    "smooth_factor": 0.2,
    "iters": 30000,
    "lr": 0.01,
    "fp16": true,
    "eval_interval": 100,
    "ckpt": "scratch",
    "num_rays_lidar": 1024,
    "num_steps": 768,
    "patch_size_lidar": 1,
    "change_patch_size_lidar": [
      2,
      8
    ],
    "change_patch_size_epoch": 2,
    "ema_decay": 0.95,
    "feat_g_loss": true,
    "feat_d_loss": true,
    "feat_g_scale": 0.1,
    "feat_d_scale": 1,
    "knn_pt": 12,
    "flow_consis_loss": true,
    "consis_flow_loss": true,
    "flow_consis_scale": 0.1,
    "consis_flow_scale": 1,
    "feature_channels": 128,
    "backbone": "DGCNN",
    "ffn_dim_expansion": 4,
    "num_transformer_pt_layers": 1,
    "num_transformer_layers": 10,
    "resume": "/home/zijiewu/Code/basis4D-intensity-mtl-diagnosis/flow/checkpoints/FTD_o.pth",
    "strict_resume": false,
    "representation": "/home/zijiewu/Code/STGC-NeRF-private/Modi01/configs/hybrid44.json",
    "prepare_only": true
  },
  "representation": {
    "modal_levels": 4,
    "coefficients": "tied",
    "latent_dim": 4,
    "decoder_width": 32,
    "embedding_dim": 4,
    "spatial_frequencies": 2
  },
  "assets": {
    "source_manifest": "/home/zijiewu/Code/STGC-NeRF-private/data/experiment_manifest.json",
    "protocol": "legacy",
    "splits": {
      "train": {
        "manifest": "/home/zijiewu/Code/STGC-NeRF-private/data/kitti360/transforms_3353_train.json",
        "frame_ids": [
          3353,
          3354,
          3355,
          3356,
          3357,
          3358,
          3359,
          3360,
          3361,
          3362,
          3363,
          3364,
          3365,
          3367,
          3368,
          3369,
          3370,
          3371,
          3372,
          3373,
          3374,
          3375,
          3376,
          3377,
          3378,
          3380,
          3381,
          3382,
          3383,
          3384,
          3385,
          3386,
          3387,
          3388,
          3389,
          3390,
          3391,
          3393,
          3394,
          3395,
          3396,
          3397,
          3398,
          3399,
          3400,
          3401,
          3402,
          3403,
          3404,
          3406,
          3407,
          3408,
          3409,
          3410,
          3411,
          3412,
          3413,
          3414,
          3415,
          3416
        ],
        "count": 60,
        "normalized_times": [
          0.0,
          0.015873015873015872,
          0.031746031746031744,
          0.047619047619047616,
          0.06349206349206349,
          0.07936507936507936,
          0.09523809523809523,
          0.1111111111111111,
          0.12698412698412698,
          0.14285714285714285,
          0.15873015873015872,
          0.1746031746031746,
          0.19047619047619047,
          0.2222222222222222,
          0.23809523809523808,
          0.25396825396825395,
          0.2698412698412698,
          0.2857142857142857,
          0.30158730158730157,
          0.31746031746031744,
          0.3333333333333333,
          0.3492063492063492,
          0.36507936507936506,
          0.38095238095238093,
          0.3968253968253968,
          0.42857142857142855,
          0.4444444444444444,
          0.4603174603174603,
          0.47619047619047616,
          0.49206349206349204,
          0.5079365079365079,
          0.5238095238095238,
          0.5396825396825397,
          0.5555555555555556,
          0.5714285714285714,
          0.5873015873015873,
          0.6031746031746031,
          0.6349206349206349,
          0.6507936507936508,
          0.6666666666666666,
          0.6825396825396826,
          0.6984126984126984,
          0.7142857142857143,
          0.7301587301587301,
          0.746031746031746,
          0.7619047619047619,
          0.7777777777777778,
          0.7936507936507936,
          0.8095238095238095,
          0.8412698412698413,
          0.8571428571428571,
          0.873015873015873,
          0.8888888888888888,
          0.9047619047619048,
          0.9206349206349206,
          0.9365079365079365,
          0.9523809523809523,
          0.9682539682539683,
          0.9841269841269841,
          1.0
        ],
        "range_view_shapes": [
          [
            66,
            1030,
            3
          ]
        ]
      },
      "val": {
        "manifest": "/home/zijiewu/Code/STGC-NeRF-private/data/kitti360/transforms_3353_val.json",
        "frame_ids": [
          3366,
          3379,
          3392,
          3405
        ],
        "count": 4,
        "normalized_times": [
          0.20634920634920634,
          0.4126984126984127,
          0.6190476190476191,
          0.8253968253968254
        ],
        "range_view_shapes": [
          [
            66,
            1030,
            3
          ]
        ]
      },
      "test": {
        "manifest": "/home/zijiewu/Code/STGC-NeRF-private/data/kitti360/transforms_3353_test.json",
        "frame_ids": [
          3366,
          3379,
          3392,
          3405
        ],
        "count": 4,
        "normalized_times": [
          0.20634920634920634,
          0.4126984126984127,
          0.6190476190476191,
          0.8253968253968254
        ],
        "range_view_shapes": [
          [
            66,
            1030,
            3
          ]
        ]
      }
    },
    "scale": 0.009516400940284872,
    "offset": [
      1364.4036110525735,
      3818.0544294453593,
      108.71465218991422
    ],
    "fov_lidar": [
      2.0,
      26.9
    ],
    "missing_assets": [],
    "protocol_scope": "local official-protocol manifest and loader agreement; no file digests computed",
    "evaluation_scope": "post-hoc development; legacy val/test overlap, no untouched evaluation claim"
  },
  "training_steps_executed": 0,
  "fixed_seed": 0,
  "requested_training_budget": 30000,
  "evaluation_conventions": {
    "training": "raw",
    "development": "EMA when enabled",
    "refiner": "disabled by default; run separately with explicit pre/post labels"
  },
  "required_metrics": [
    "CD",
    "F-score",
    "depth RMSE",
    "intensity RMSE",
    "return metrics"
  ],
  "required_strata": [
    "train/development",
    "moving/static/edge/range when labels are reliable"
  ],
  "sampling": "inherited STGC sampler and patch schedule; shared initialization preserves RNG state",
  "no_automatic_queue": true,
  "no_promotion": true
}
